../Src/bme280.c:20:13:BME280_WriteReg	16	static
../Src/bme280.c:29:16:BME280_ReadReg	24	static
../Src/bme280.c:45:13:BME280_ReadMulti	32	static
../Src/bme280.c:63:13:BME280_ReadCalibrationData	48	static
../Src/bme280.c:86:16:BME280_Compensate_Temp	24	static
../Src/bme280.c:96:17:BME280_Compensate_Humidity	24	static
../Src/bme280.c:114:13:Relay_Init	4	static
../Src/bme280.c:128:13:Relay_On	4	static
../Src/bme280.c:133:13:Relay_Off	4	static
../Src/bme280.c:140:5:BME280_Init	8	static
../Src/bme280.c:159:6:BME280_ReadTempHum	32	static
../Src/bme280.c:174:9:FanControl	24	static
