../Inc/system_stm32f4xx.h:128:20:DelayMs	24	static
../Src/bme280.c:12:13:BME280_WriteReg	16	static
../Src/bme280.c:20:16:BME280_ReadReg	24	static
../Src/bme280.c:32:13:BME280_ReadMulti	32	static
../Src/bme280.c:44:13:BME280_ReadCalibrationData	48	static
../Src/bme280.c:63:16:BME280_Compensate_Temp	24	static
../Src/bme280.c:70:17:BME280_Compensate_Humidity	24	static
../Src/bme280.c:81:5:BME280_Init	8	static
../Src/bme280.c:95:6:BME280_ReadTempHum	40	static
../Src/bme280.c:109:6:BME280_Task	96	static
